# compiler: R8
# compiler_version: 1.5.64
# pg_map_id: 80c386d
androidx.databinding.library.baseAdapters.BR -> androidx.databinding.library.baseAdapters.BR:
    1:1:void <init>():3:3 -> <init>
com.bluecrunch.bluecrunchverification.BR -> com.bluecrunch.bluecrunchverification.BR:
    1:1:void <init>():3:3 -> <init>
com.bluecrunch.bluecrunchverification.BuildConfig -> com.bluecrunch.bluecrunchverification.BuildConfig:
    1:1:void <init>():6:6 -> <init>
com.bluecrunch.bluecrunchverification.DataBinderMapperImpl -> com.bluecrunch.bluecrunchverification.DataBinderMapperImpl:
    android.util.SparseIntArray INTERNAL_LAYOUT_ID_LOOKUP -> a
    1:1:void <clinit>():19:19 -> <clinit>
    1:1:void <init>():18:18 -> <init>
    1:2:java.util.List collectDependencies():70:71 -> collectDependencies
    1:1:java.lang.String convertBrIdToString(int):64:64 -> convertBrIdToString
    1:5:androidx.databinding.ViewDataBinding getDataBinder(androidx.databinding.DataBindingComponent,android.view.View,int):26:30 -> getDataBinder
    6:13:androidx.databinding.ViewDataBinding getDataBinder(androidx.databinding.DataBindingComponent,android.view.View[],int):38:45 -> getDataBinder
    1:2:int getLayoutId(java.lang.String):58:59 -> getLayoutId
com.bluecrunch.bluecrunchverification.DataBinderMapperImpl$InnerBrLookup -> com.bluecrunch.bluecrunchverification.DataBinderMapperImpl$a:
    android.util.SparseArray sKeys -> a
    1:4:void <clinit>():76:79 -> <clinit>
com.bluecrunch.bluecrunchverification.DataBinderMapperImpl$InnerLayoutIdLookup -> com.bluecrunch.bluecrunchverification.DataBinderMapperImpl$b:
    java.util.HashMap sKeys -> a
    1:1:void <clinit>():84:84 -> <clinit>
com.bluecrunch.bluecrunchverification.DataBindingInfo -> com.bluecrunch.bluecrunchverification.DataBindingInfo:
    1:1:void <init>():6:6 -> <init>
com.bluecrunch.bluecrunchverification.VerificationIntegration -> com.bluecrunch.bluecrunchverification.VerificationIntegration:
    com.bluecrunch.bluecrunchverification.FCMCallBack fcmCallBack -> d
    androidx.fragment.app.FragmentActivity context -> k
    java.util.TreeMap sendRequestBody -> f
    java.lang.String verificationID -> h
    com.google.firebase.auth.FirebaseAuth mAuth -> i
    com.bluecrunch.bluecrunchverification.WebServiceCallBack webServiceCallBack -> e
    com.google.firebase.auth.PhoneAuthProvider$OnVerificationStateChangedCallbacks mCallbacks -> j
    java.lang.String mobileNumber -> a
    com.google.firebase.auth.PhoneAuthProvider$ForceResendingToken resendToken -> g
    java.lang.String sendRequestURL -> c
    java.lang.String countryCode -> b
    1:30:void <init>(androidx.fragment.app.FragmentActivity,com.bluecrunch.bluecrunchverification.VerificationIntegration$Builder):17:46 -> <init>
    31:31:void <init>(androidx.fragment.app.FragmentActivity,com.bluecrunch.bluecrunchverification.VerificationIntegration$Builder,kotlin.jvm.internal.DefaultConstructorMarker):17:17 -> <init>
    1:6:void verify(java.lang.String):115:120 -> a
    7:11:void verify(java.lang.String):115:119 -> a
    12:17:void verifyResend(java.lang.String,com.google.firebase.auth.PhoneAuthProvider$ForceResendingToken):131:136 -> a
    18:22:void verifyResend(java.lang.String,com.google.firebase.auth.PhoneAuthProvider$ForceResendingToken):131:135 -> a
    23:24:void signInWithPhoneAuthCredential(com.google.firebase.auth.PhoneAuthCredential):146:147 -> a
    25:25:void signInWithPhoneAuthCredential(com.google.firebase.auth.PhoneAuthCredential):146:146 -> a
    26:28:void getUserAuthId():169:171 -> a
    1:1:java.lang.String access$getCountryCode$p(com.bluecrunch.bluecrunchverification.VerificationIntegration):17:17 -> access$getCountryCode$p
    1:1:com.bluecrunch.bluecrunchverification.FCMCallBack access$getFcmCallBack$p(com.bluecrunch.bluecrunchverification.VerificationIntegration):17:17 -> access$getFcmCallBack$p
    1:1:java.lang.String access$getMobileNumber$p(com.bluecrunch.bluecrunchverification.VerificationIntegration):17:17 -> access$getMobileNumber$p
    1:1:com.google.firebase.auth.PhoneAuthProvider$ForceResendingToken access$getResendToken$p(com.bluecrunch.bluecrunchverification.VerificationIntegration):17:17 -> access$getResendToken$p
    1:1:java.util.TreeMap access$getSendRequestBody$p(com.bluecrunch.bluecrunchverification.VerificationIntegration):17:17 -> access$getSendRequestBody$p
    1:1:java.lang.String access$getSendRequestURL$p(com.bluecrunch.bluecrunchverification.VerificationIntegration):17:17 -> access$getSendRequestURL$p
    1:1:void access$getUserAuthId(com.bluecrunch.bluecrunchverification.VerificationIntegration):17:17 -> access$getUserAuthId
    1:1:java.lang.String access$getVerificationID$p(com.bluecrunch.bluecrunchverification.VerificationIntegration):17:17 -> access$getVerificationID$p
    1:1:com.bluecrunch.bluecrunchverification.WebServiceCallBack access$getWebServiceCallBack$p(com.bluecrunch.bluecrunchverification.VerificationIntegration):17:17 -> access$getWebServiceCallBack$p
    1:1:void access$setCountryCode$p(com.bluecrunch.bluecrunchverification.VerificationIntegration,java.lang.String):17:17 -> access$setCountryCode$p
    1:1:void access$setFcmCallBack$p(com.bluecrunch.bluecrunchverification.VerificationIntegration,com.bluecrunch.bluecrunchverification.FCMCallBack):17:17 -> access$setFcmCallBack$p
    1:1:void access$setMobileNumber$p(com.bluecrunch.bluecrunchverification.VerificationIntegration,java.lang.String):17:17 -> access$setMobileNumber$p
    1:1:void access$setResendToken$p(com.bluecrunch.bluecrunchverification.VerificationIntegration,com.google.firebase.auth.PhoneAuthProvider$ForceResendingToken):17:17 -> access$setResendToken$p
    1:1:void access$setSendRequestBody$p(com.bluecrunch.bluecrunchverification.VerificationIntegration,java.util.TreeMap):17:17 -> access$setSendRequestBody$p
    1:1:void access$setSendRequestURL$p(com.bluecrunch.bluecrunchverification.VerificationIntegration,java.lang.String):17:17 -> access$setSendRequestURL$p
    1:1:void access$setVerificationID$p(com.bluecrunch.bluecrunchverification.VerificationIntegration,java.lang.String):17:17 -> access$setVerificationID$p
    1:1:void access$setWebServiceCallBack$p(com.bluecrunch.bluecrunchverification.VerificationIntegration,com.bluecrunch.bluecrunchverification.WebServiceCallBack):17:17 -> access$setWebServiceCallBack$p
    1:1:void access$signInWithPhoneAuthCredential(com.bluecrunch.bluecrunchverification.VerificationIntegration,com.google.firebase.auth.PhoneAuthCredential):17:17 -> access$signInWithPhoneAuthCredential
    1:24:void reSendFCMSms():84:107 -> reSendFCMSms
    1:25:void sendFCMSms():53:77 -> sendFCMSms
    1:3:void sendSMSGET():199:201 -> sendSMSGET
    1:3:void sendSMSPOST():223:225 -> sendSMSPOST
    1:3:void verifyFCMPhoneNumberWithCode(java.lang.String):190:192 -> verifyFCMPhoneNumberWithCode
    1:3:void verifySMSGET(java.lang.String):249:251 -> verifySMSGET
    1:3:void verifySMSPOST(java.lang.String,java.util.TreeMap):280:282 -> verifySMSPOST
com.bluecrunch.bluecrunchverification.VerificationIntegration$Builder -> com.bluecrunch.bluecrunchverification.VerificationIntegration$Builder:
    androidx.fragment.app.FragmentActivity context -> j
    com.bluecrunch.bluecrunchverification.FCMCallBack fcmCallBack -> h
    com.bluecrunch.bluecrunchverification.WebServiceCallBack webServiceCallBack -> i
    boolean isSendMethodGet -> e
    boolean isVerifyMethodGet -> f
    boolean isFirebase -> a
    java.lang.String countryCode -> c
    java.lang.String mobileNumber -> b
    java.util.TreeMap sendRequestBody -> g
    java.lang.String sendRequestURL -> d
    1:14:void <init>(androidx.fragment.app.FragmentActivity):303:316 -> <init>
    1:8:com.bluecrunch.bluecrunchverification.VerificationIntegration build():355:362 -> build
    9:9:com.bluecrunch.bluecrunchverification.VerificationIntegration build():360:360 -> build
    10:27:com.bluecrunch.bluecrunchverification.VerificationIntegration build():358:375 -> build
    28:28:com.bluecrunch.bluecrunchverification.VerificationIntegration build():366:366 -> build
    1:1:androidx.fragment.app.FragmentActivity getContext():303:303 -> getContext
    1:1:java.lang.String getCountryCode():308:308 -> getCountryCode
    1:1:com.bluecrunch.bluecrunchverification.FCMCallBack getFcmCallBack():319:319 -> getFcmCallBack
    1:1:java.lang.String getMobileNumber():306:306 -> getMobileNumber
    1:1:java.util.TreeMap getSendRequestBody():316:316 -> getSendRequestBody
    1:1:java.lang.String getSendRequestURL():310:310 -> getSendRequestURL
    1:1:com.bluecrunch.bluecrunchverification.WebServiceCallBack getWebServiceCallBack():321:321 -> getWebServiceCallBack
    1:1:boolean isFirebase():304:304 -> isFirebase
    1:1:boolean isSendMethodGet():312:312 -> isSendMethodGet
    1:1:boolean isVerifyMethodGet():314:314 -> isVerifyMethodGet
    1:1:com.bluecrunch.bluecrunchverification.VerificationIntegration$Builder setCountryCode(java.lang.String):352:352 -> setCountryCode
    1:1:com.bluecrunch.bluecrunchverification.VerificationIntegration$Builder setFCMCallBack(com.bluecrunch.bluecrunchverification.FCMCallBack):331:331 -> setFCMCallBack
    1:1:com.bluecrunch.bluecrunchverification.VerificationIntegration$Builder setIsFirebase(boolean):324:324 -> setIsFirebase
    1:1:com.bluecrunch.bluecrunchverification.VerificationIntegration$Builder setIsSendMethodGet(boolean):327:327 -> setIsSendMethodGet
    1:1:com.bluecrunch.bluecrunchverification.VerificationIntegration$Builder setIsVerifyMethodGet(boolean):339:339 -> setIsVerifyMethodGet
    1:1:com.bluecrunch.bluecrunchverification.VerificationIntegration$Builder setMobileNumber(java.lang.String):350:350 -> setMobileNumber
    1:1:com.bluecrunch.bluecrunchverification.VerificationIntegration$Builder setSendRequestBody(java.util.TreeMap):347:347 -> setSendRequestBody
    1:1:com.bluecrunch.bluecrunchverification.VerificationIntegration$Builder setSendRequestURL(java.lang.String):343:343 -> setSendRequestURL
    1:1:com.bluecrunch.bluecrunchverification.VerificationIntegration$Builder setWebserviceCallBack(com.bluecrunch.bluecrunchverification.WebServiceCallBack):335:335 -> setWebserviceCallBack
com.bluecrunch.bluecrunchverification.VerificationIntegration$getUserAuthId$1 -> com.bluecrunch.bluecrunchverification.VerificationIntegration$a:
    com.bluecrunch.bluecrunchverification.VerificationIntegration this$0 -> a
    1:8:void onComplete(com.google.android.gms.tasks.Task):172:179 -> onComplete
com.bluecrunch.bluecrunchverification.VerificationIntegration$reSendFCMSms$1 -> com.bluecrunch.bluecrunchverification.VerificationIntegration$reSendFCMSms$1:
    com.bluecrunch.bluecrunchverification.VerificationIntegration this$0 -> a
    1:1:void <init>(com.bluecrunch.bluecrunchverification.VerificationIntegration):84:84 -> <init>
    1:5:void onCodeSent(java.lang.String,com.google.firebase.auth.PhoneAuthProvider$ForceResendingToken):98:102 -> onCodeSent
    1:2:void onVerificationFailed(com.google.firebase.FirebaseException):89:90 -> onVerificationFailed
com.bluecrunch.bluecrunchverification.VerificationIntegration$sendFCMSms$1 -> com.bluecrunch.bluecrunchverification.VerificationIntegration$sendFCMSms$1:
    com.bluecrunch.bluecrunchverification.VerificationIntegration this$0 -> a
    1:1:void <init>(com.bluecrunch.bluecrunchverification.VerificationIntegration):53:53 -> <init>
    1:5:void onCodeSent(java.lang.String,com.google.firebase.auth.PhoneAuthProvider$ForceResendingToken):68:72 -> onCodeSent
    1:1:void onVerificationCompleted(com.google.firebase.auth.PhoneAuthCredential):55:55 -> onVerificationCompleted
    1:2:void onVerificationFailed(com.google.firebase.FirebaseException):59:60 -> onVerificationFailed
com.bluecrunch.bluecrunchverification.VerificationIntegration$sendSMSGET$1 -> com.bluecrunch.bluecrunchverification.VerificationIntegration$sendSMSGET$1:
    com.bluecrunch.bluecrunchverification.VerificationIntegration this$0 -> a
    1:1:void <init>(com.bluecrunch.bluecrunchverification.VerificationIntegration):201:201 -> <init>
    1:1:void onFailure(retrofit2.Call,java.lang.Throwable):214:214 -> onFailure
    1:5:void onResponse(retrofit2.Call,retrofit2.Response):204:208 -> onResponse
com.bluecrunch.bluecrunchverification.VerificationIntegration$sendSMSPOST$1 -> com.bluecrunch.bluecrunchverification.VerificationIntegration$sendSMSPOST$1:
    com.bluecrunch.bluecrunchverification.VerificationIntegration this$0 -> a
    1:1:void <init>(com.bluecrunch.bluecrunchverification.VerificationIntegration):225:225 -> <init>
    1:1:void onFailure(retrofit2.Call,java.lang.Throwable):238:238 -> onFailure
    1:5:void onResponse(retrofit2.Call,retrofit2.Response):228:232 -> onResponse
com.bluecrunch.bluecrunchverification.VerificationIntegration$signInWithPhoneAuthCredential$1 -> com.bluecrunch.bluecrunchverification.VerificationIntegration$b:
    com.bluecrunch.bluecrunchverification.VerificationIntegration this$0 -> a
    1:11:void onComplete(com.google.android.gms.tasks.Task):149:159 -> onComplete
com.bluecrunch.bluecrunchverification.VerificationIntegration$verifySMSGET$1 -> com.bluecrunch.bluecrunchverification.VerificationIntegration$verifySMSGET$1:
    com.bluecrunch.bluecrunchverification.VerificationIntegration this$0 -> a
    1:1:void <init>(com.bluecrunch.bluecrunchverification.VerificationIntegration):251:251 -> <init>
    1:1:void onFailure(retrofit2.Call,java.lang.Throwable):264:264 -> onFailure
    1:5:void onResponse(retrofit2.Call,retrofit2.Response):254:258 -> onResponse
com.bluecrunch.bluecrunchverification.VerificationIntegration$verifySMSPOST$1 -> com.bluecrunch.bluecrunchverification.VerificationIntegration$verifySMSPOST$1:
    com.bluecrunch.bluecrunchverification.VerificationIntegration this$0 -> a
    1:1:void <init>(com.bluecrunch.bluecrunchverification.VerificationIntegration):282:282 -> <init>
    1:1:void onFailure(retrofit2.Call,java.lang.Throwable):295:295 -> onFailure
    1:5:void onResponse(retrofit2.Call,retrofit2.Response):285:289 -> onResponse
com.bluecrunch.bluecrunchverification.VerificationView -> com.bluecrunch.bluecrunchverification.VerificationView:
    android.content.Context mContext -> a
    java.util.HashMap _$_findViewCache -> i
    java.lang.String verificationCodeText -> h
    float boxHeight -> e
    int boxTextColor -> f
    int boxSpace -> g
    int boxBGFocused -> d
    int boxCount -> b
    int boxBG -> c
    1:1:void <init>(android.content.Context):29:29 -> <init>
    2:17:void <init>(android.content.Context):19:34 -> <init>
    18:18:void <init>(android.content.Context,android.util.AttributeSet):42:42 -> <init>
    19:48:void <init>(android.content.Context,android.util.AttributeSet) -> <init>
    1:3:void initStyleables(android.util.AttributeSet):57:59 -> a
    4:11:void initStyleables(android.util.AttributeSet):57:64 -> a
    12:19:void initStyleables(android.util.AttributeSet):62:69 -> a
    20:29:void initStyleables(android.util.AttributeSet):67:76 -> a
    30:34:void initStyleables(android.util.AttributeSet):74:78 -> a
    35:76:void bindViews():86:127 -> a
    1:1:void access$enableFocusedOption(com.bluecrunch.bluecrunchverification.VerificationView):15:15 -> access$enableFocusedOption
    1:1:void access$setDigitsText(com.bluecrunch.bluecrunchverification.VerificationView):15:15 -> access$setDigitsText
    1:9:void enableFocusedOption():250:258 -> b
    10:10:void enableFocusedOption():255:255 -> b
    11:11:void enableFocusedOption():252:252 -> b
    1:3:void inflate():150:152 -> c
    4:4:void inflate():151:151 -> c
    1:1:void listenForTextChanges():161:161 -> d
    1:21:void setDigitsText():188:208 -> e
    22:26:void setDigitsText():196:200 -> e
    27:30:void setDigitsText():190:193 -> e
    1:2:void setDrawableFocusedFor4Digits():267:268 -> f
    3:7:void setDrawableFocusedFor4Digits():267:271 -> f
    8:12:void setDrawableFocusedFor4Digits():270:274 -> f
    13:17:void setDrawableFocusedFor4Digits():273:277 -> f
    18:18:void setDrawableFocusedFor4Digits():276:276 -> f
    19:19:void setDrawableFocusedFor4Digits():273:273 -> f
    20:20:void setDrawableFocusedFor4Digits():270:270 -> f
    21:21:void setDrawableFocusedFor4Digits():267:267 -> f
    1:2:void setDrawableFocusedFor5Digits():284:285 -> g
    3:7:void setDrawableFocusedFor5Digits():284:288 -> g
    8:12:void setDrawableFocusedFor5Digits():287:291 -> g
    13:17:void setDrawableFocusedFor5Digits():290:294 -> g
    18:22:void setDrawableFocusedFor5Digits():293:297 -> g
    23:23:void setDrawableFocusedFor5Digits():296:296 -> g
    24:24:void setDrawableFocusedFor5Digits():293:293 -> g
    25:25:void setDrawableFocusedFor5Digits():290:290 -> g
    26:26:void setDrawableFocusedFor5Digits():287:287 -> g
    27:27:void setDrawableFocusedFor5Digits():284:284 -> g
    1:1:int getBoxBG():20:20 -> getBoxBG
    1:1:int getBoxBGFocused():21:21 -> getBoxBGFocused
    1:1:int getBoxCount():19:19 -> getBoxCount
    1:1:float getBoxHeight():22:22 -> getBoxHeight
    1:1:int getBoxSpace():24:24 -> getBoxSpace
    1:1:int getBoxTextColor():23:23 -> getBoxTextColor
    1:1:java.lang.String getVerificationCodeText():25:25 -> getVerificationCodeText
    1:2:void setDrawableFocusedFor6Digits():305:306 -> h
    3:7:void setDrawableFocusedFor6Digits():305:309 -> h
    8:12:void setDrawableFocusedFor6Digits():308:312 -> h
    13:17:void setDrawableFocusedFor6Digits():311:315 -> h
    18:22:void setDrawableFocusedFor6Digits():314:318 -> h
    23:27:void setDrawableFocusedFor6Digits():317:321 -> h
    28:28:void setDrawableFocusedFor6Digits():320:320 -> h
    29:29:void setDrawableFocusedFor6Digits():317:317 -> h
    30:30:void setDrawableFocusedFor6Digits():314:314 -> h
    31:31:void setDrawableFocusedFor6Digits():311:311 -> h
    32:32:void setDrawableFocusedFor6Digits():308:308 -> h
    33:33:void setDrawableFocusedFor6Digits():305:305 -> h
    1:9:void setNumberOfDigits():134:142 -> i
    10:11:void setNumberOfDigits():139:140 -> i
    1:24:void invalidateDigits():217:240 -> invalidateDigits
    25:30:void invalidateDigits():226:231 -> invalidateDigits
    31:55:void invalidateDigits():219:243 -> invalidateDigits
    1:1:void setBoxBG(int):20:20 -> setBoxBG
    1:1:void setBoxBGFocused(int):21:21 -> setBoxBGFocused
    1:1:void setBoxCount(int):19:19 -> setBoxCount
    1:1:void setBoxHeight(float):22:22 -> setBoxHeight
    1:1:void setBoxSpace(int):24:24 -> setBoxSpace
    1:1:void setBoxTextColor(int):23:23 -> setBoxTextColor
    1:1:void setVerificationCodeText(java.lang.String):25:25 -> setVerificationCodeText
com.bluecrunch.bluecrunchverification.VerificationView$listenForTextChanges$1 -> com.bluecrunch.bluecrunchverification.VerificationView$listenForTextChanges$1:
    com.bluecrunch.bluecrunchverification.VerificationView this$0 -> a
    1:1:void <init>(com.bluecrunch.bluecrunchverification.VerificationView):161:161 -> <init>
    1:6:void onTextChanged(java.lang.CharSequence,int,int,int):171:176 -> onTextChanged
com.bluecrunch.bluecrunchverification.WebService$Companion -> com.bluecrunch.bluecrunchverification.WebService$Companion:
    com.bluecrunch.bluecrunchverification.WebService$Companion $$INSTANCE -> a
    1:1:void <clinit>():19:19 -> <clinit>
    1:1:void <init>():19:19 -> <init>
    1:10:okhttp3.OkHttpClient getClient():21:30 -> a
    11:16:okhttp3.OkHttpClient getClient():26:31 -> a
    1:5:retrofit2.Retrofit getRetrofit():34:38 -> getRetrofit
com.bluecrunch.bluecrunchverification.WebService$Companion$client$1 -> com.bluecrunch.bluecrunchverification.WebService$Companion$a:
    com.bluecrunch.bluecrunchverification.WebService$Companion$client$1 INSTANCE -> a
